Added Component: Designator=D5(SOD2613X110N)
Add component (AddParameter): Name = "Arrow Part Number"; Value = ""; VariantName = "[No Variations]"
Add component (AddParameter): Name = "Arrow Price/Stock"; Value = ""; VariantName = "[No Variations]"
Add component (AddParameter): Name = "Datasheet Link"; Value = "https://datasheet.lcsc.com/szlcsc/MDD-Jiangsu-Yutai-Elec-1N4007WS_C193404.pdf"; VariantName = "[No Variations]"
Add component (AddParameter): Name = "Height"; Value = "1.1mm"; VariantName = "[No Variations]"
Add component (AddParameter): Name = "Manufacturer_Name"; Value = "MDD"; VariantName = "[No Variations]"
Add component (AddParameter): Name = "Manufacturer_Part_Number"; Value = "1N4007WS"; VariantName = "[No Variations]"
Add component (AddParameter): Name = "Mouser Part Number"; Value = ""; VariantName = "[No Variations]"
Add component (AddParameter): Name = "Mouser Price/Stock"; Value = ""; VariantName = "[No Variations]"
Added Component: Designator=R28(FP-CRGCQ0603-IPC_C)
Add component (AddParameter): Name = "Ambient Temperature Range High"; Value = "+70°C"; VariantName = "[No Variations]"
Add component (AddParameter): Name = "Category"; Value = "Res"; VariantName = "[No Variations]"
Add component (AddParameter): Name = "ComponentLink2Description"; Value = "Datasheet"; VariantName = "[No Variations]"
Add component (AddParameter): Name = "ComponentLink2URL"; Value = "https://www.te.com/commerce/DocumentDelivery/DDEController?Action=showdoc&DocId=Data+Sheet%7F1773204-3%7F1%7Fpdf%7FEnglish%7FENG_DS_1773204-3_1.pdf%7F4-2176339-482"; VariantName = "[No Variations]"
Add component (AddParameter): Name = "Composition"; Value = "Thick Film"; VariantName = "[No Variations]"
Add component (AddParameter): Name = "Device Class L1"; Value = "Passive Components"; VariantName = "[No Variations]"
Add component (AddParameter): Name = "Device Class L2"; Value = "Resistors"; VariantName = "[No Variations]"
Add component (AddParameter): Name = "Device Class L3"; Value = "Chip SMD Resistors"; VariantName = "[No Variations]"
Add component (AddParameter): Name = "Height"; Value = "0.55mm"; VariantName = "[No Variations]"
Add component (AddParameter): Name = "Ipc Land Pattern Name"; Value = "RESC16080X45"; VariantName = "[No Variations]"
Add component (AddParameter): Name = "Lead Free"; Value = "Yes"; VariantName = "[No Variations]"
Add component (AddParameter): Name = "Manufacturer"; Value = "TE Connectivity"; VariantName = "[No Variations]"
Add component (AddParameter): Name = "Manufacturer Part Number"; Value = "CRGCQ0603F120R"; VariantName = "[No Variations]"
Add component (AddParameter): Name = "Mouser Description"; Value = "Res, Aec-Q200, Thick Film, 120R, 1%, 0603"; VariantName = "[No Variations]"
Add component (AddParameter): Name = "Octopart"; Value = "https://octopart.com/crgcq0603f120r-te+connectivity-91018039"; VariantName = "[No Variations]"
Add component (AddParameter): Name = "Package"; Value = "CRGCQ0603"; VariantName = "[No Variations]"
Add component (AddParameter): Name = "Power Rating"; Value = "0.1W"; VariantName = "[No Variations]"
Add component (AddParameter): Name = "Resistance"; Value = "120?"; VariantName = "[No Variations]"
Add component (AddParameter): Name = "RoHS"; Value = "TRUE"; VariantName = "[No Variations]"
Add component (AddParameter): Name = "Series"; Value = "CRGCQ"; VariantName = "[No Variations]"
Add component (AddParameter): Name = "Temperature"; Value = "-55°C to +155°C"; VariantName = "[No Variations]"
Add component (AddParameter): Name = "Temperature Coefficient"; Value = "±100ppm/°C"; VariantName = "[No Variations]"
Add component (AddParameter): Name = "Temperature Range High"; Value = "+155°C"; VariantName = "[No Variations]"
Add component (AddParameter): Name = "Temperature Range Low"; Value = "-55°C"; VariantName = "[No Variations]"
Add component (AddParameter): Name = "Tolerance"; Value = "0.01"; VariantName = "[No Variations]"
Add component (AddParameter): Name = "Value"; Value = "120?"; VariantName = "[No Variations]"
Add component (AddParameter): Name = "Voltage Rating"; Value = "75V"; VariantName = "[No Variations]"
Added Pin To Net: NetName=INPUT Pin=D5-1
Added Pin To Net: NetName=NetD5_2 Pin=D5-2
Added Pin To Net: NetName=NetD5_2 Pin=J5-1
Added Pin To Net: NetName=NetD5_2 Pin=Q1-2
Added Net: Name=NetD5_2
Added Member To Class: ClassName=U_STM32G0B1CBT6TR Member=Component C1 C0805C519D3HACTU
Added Member To Class: ClassName=U_STM32G0B1CBT6TR Member=Component C2 C0805C519D3HACTU
Added Member To Class: ClassName=U_STM32G0B1CBT6TR Member=Component C3 C0805C104K5RACTU
Added Member To Class: ClassName=U_STM32G0B1CBT6TR Member=Component C4 C0805C104K5RACTU
Added Member To Class: ClassName=U_STM32G0B1CBT6TR Member=Component C5 GRM1885C1H100JA01D
Added Member To Class: ClassName=U_STM32G0B1CBT6TR Member=Component C6 GRM1885C1H100JA01D
Added Member To Class: ClassName=U_STM32G0B1CBT6TR Member=Component C7 C0805C104K5RACTU
Added Member To Class: ClassName=U_COMM Member=Component C8 CC0805KRX7R5BB104
Added Member To Class: ClassName=U_COMM Member=Component C9 CC0805KRX7R5BB104
Added Member To Class: ClassName=U_COMM Member=Component C11 CC0805KRX7R5BB104
Added Member To Class: ClassName=U_POWER Member=Component C12 CC0805KRX7R5BB104
Added Member To Class: ClassName=U_POWER Member=Component C13 C0805C104K5RACTU
Added Member To Class: ClassName=U_POWER Member=Component C14 CC0805KRX7R5BB104
Added Member To Class: ClassName=U_POWER Member=Component C15 CC0805KRX7R5BB104
Added Member To Class: ClassName=U_STM32G0B1CBT6TR Member=Component D1 LTST-C230EKT
Added Member To Class: ClassName=U_COMM Member=Component D2 ESDCAN06-2BWY
Added Member To Class: ClassName=U_COMM Member=Component D3 SM712.TCT
Added Member To Class: ClassName=U_COMM Member=Component D4 ESDCAN06-2BWY
Added Member To Class: ClassName=MAIN Member=Component D5 1N4007WS
Added Member To Class: ClassName=U_STM32G0B1CBT6TR Member=Component IC1 STM32G0B1CBT6TR
Added Member To Class: ClassName=U_COMM Member=Component IC2 TCAN3414DR
Added Member To Class: ClassName=U_COMM Member=Component IC3 SP3485EN-L
Added Member To Class: ClassName=U_COMM Member=Component IC5 TCAN3414DR
Added Member To Class: ClassName=MAIN Member=Component J1 B2B-XH-A(LF)(SN)
Added Member To Class: ClassName=MAIN Member=Component J2 B5B-XH-AM(LF)(SN)
Added Member To Class: ClassName=MAIN Member=Component J3 B2B-XH-A(LF)(SN)
Added Member To Class: ClassName=MAIN Member=Component J4 B3B-XH-A(LF)(SN)
Added Member To Class: ClassName=MAIN Member=Component J5 S2B-XH-A(LF)(SN)
Added Member To Class: ClassName=MAIN Member=Component J6 B6B-XH-AM(LF)(SN)
Added Member To Class: ClassName=MAIN Member=Component J7 MSD-4-A
Added Member To Class: ClassName=MAIN Member=Component J8 B3B-XH-A(LF)(SN)
Added Member To Class: ClassName=MAIN Member=Component J9 B2B-XH-A(LF)(SN)
Added Member To Class: ClassName=MAIN Member=Component P1 B4B-XH-A(LF)(SN)
Added Member To Class: ClassName=MAIN Member=Component Q1 AO3422
Added Member To Class: ClassName=U_POWER Member=Component Q2 SI7113ADN-T1-GE3
Added Member To Class: ClassName=MAIN Member=Component R1 CRGCQ0603J10K
Added Member To Class: ClassName=MAIN Member=Component R2 CRGCQ0603F120R
Added Member To Class: ClassName=MAIN Member=Component R3 CRGCQ0603J10K
Added Member To Class: ClassName=MAIN Member=Component R4 CRGCQ0603J10K
Added Member To Class: ClassName=MAIN Member=Component R5 CRGCQ0603J10K
Added Member To Class: ClassName=MAIN Member=Component R6 CRCW06034K70FKEA
Added Member To Class: ClassName=MAIN Member=Component R7 CRCW06034K70FKEA
Added Member To Class: ClassName=MAIN Member=Component R8 CRCW06034K70FKEA
Added Member To Class: ClassName=MAIN Member=Component R9 CRCW06034K70FKEA
Added Member To Class: ClassName=U_STM32G0B1CBT6TR Member=Component R10 CRGCQ1206F1K0
Added Member To Class: ClassName=U_COMM Member=Component R11 CRGCQ0603J10K
Added Member To Class: ClassName=U_COMM Member=Component R12 CRGCQ0603J10K
Added Member To Class: ClassName=U_COMM Member=Component R13 CRGCQ0603J10K
Added Member To Class: ClassName=U_COMM Member=Component R15 CRGCQ0603J10K
Added Member To Class: ClassName=U_POWER Member=Component R16 CRGCQ0603F1K2
Added Member To Class: ClassName=U_POWER Member=Component R17 CRGCQ0603F1K2
Added Member To Class: ClassName=U_POWER Member=Component R18 RC3216J202CS
Added Member To Class: ClassName=MAIN Member=Component R19 CRGCQ0603F1K2
Added Member To Class: ClassName=MAIN Member=Component R27 CRGCQ0603F120R
Added Member To Class: ClassName=MAIN Member=Component R28 CRGCQ0603F120R
Added Member To Class: ClassName=U_STM32G0B1CBT6TR Member=Component SW1 PTS647SK38SMTR2LFS
Added Member To Class: ClassName=U_POWER Member=Component U1 MC7805CDTRKG
Added Member To Class: ClassName=U_POWER Member=Component U2 LM317LD13TR
Added Member To Class: ClassName=U_STM32G0B1CBT6TR Member=Component Y1 ABS06-32.768KHZ-9-1-T
Added Member To Class: ClassName=U_STM32G0B1CBT6TR Member=Component Y2 ABM8G-24.000MHZ-B4Y-T
